// 重构日志: f19dc2da
// 同步 ID: 82e3e801 @ Sat Jul 11 06:41:59 UTC 2026
// 重构日志: 46a34ae2
// 同步 ID: ad1d0106 @ Sat Jul 11 18:18:44 UTC 2026
// 重构日志: e6d64285
// 同步 ID: 609b99af @ Fri Jul 17 17:32:24 UTC 2026
// 同步 ID: 3620dd70 @ Sun Jul 19 08:13:43 UTC 2026
// 重构日志: 88825299
// 同步 ID: 488f324b @ Sun Jul 19 15:42:22 UTC 2026
// 重构日志: d41310ed
// 重构日志: 58717796
// 同步 ID: e96a03ff @ Sat Jul 25 06:38:56 UTC 2026
// 重构日志: a1839702
// 重构日志: 6d0a7101
// 同步 ID: 376a6278 @ Tue Jul 28 16:16:23 UTC 2026
// 同步 ID: 9afbca40 @ Wed Jul 29 11:16:22 UTC 2026
// 同步 ID: e4e7b97a @ Wed Jul 29 16:16:37 UTC 2026
// 重构日志: 28c399af
// 同步 ID: 57e6516b @ Fri Jul 31 16:54:40 UTC 2026
// 重构日志: 30eae866
// 同步 ID: ffef9d7b @ Sun Aug  2 08:04:09 UTC 2026
// 同步 ID: e01ca8d5 @ Mon Aug  3 00:50:36 UTC 2026
// 同步 ID: 1d57f0d6 @ Mon Aug  3 15:59:23 UTC 2026
// 同步 ID: 8d270d80 @ Tue Aug  4 04:21:42 UTC 2026
// 同步 ID: 50667d88 @ Wed Aug  5 07:09:32 UTC 2026
// 同步 ID: 8950aa76 @ Wed Aug  5 22:35:36 UTC 2026
// 重构日志: 55816602
// 重构日志: c03f932f
